#
# There is insufficient memory for the Java Runtime Environment to continue.
# Native memory allocation (mmap) failed to map 532676608 bytes. Error detail: G1 virtual space
# Possible reasons:
#   The system is out of physical RAM or swap space
#   This process is running with CompressedOops enabled, and the Java Heap may be blocking the growth of the native heap
# Possible solutions:
#   Reduce memory load on the system
#   Increase physical memory or swap space
#   Check if swap backing store is full
#   Decrease Java heap size (-Xmx/-Xms)
#   Decrease number of Java threads
#   Decrease Java thread stack sizes (-Xss)
#   Set larger code cache with -XX:ReservedCodeCacheSize=
#   JVM is running with Zero Based Compressed Oops mode in which the Java heap is
#     placed in the first 32GB address space. The Java Heap base address is the
#     maximum limit for the native heap growth. Please use -XX:HeapBaseMinAddress
#     to set the Java Heap base and to place the Java Heap above 32GB virtual address.
# This output file may be truncated or incomplete.
#
#  Out of Memory Error (os_windows.cpp:3618), pid=37684, tid=58152
#
# JRE version:  (17.0.19+10) (build )
# Java VM: OpenJDK 64-Bit Server VM (17.0.19+10, mixed mode, emulated-client, sharing, tiered, compressed oops, compressed class ptrs, g1 gc, windows-amd64)
# No core dump will be written. Minidumps are not enabled by default on client versions of Windows
#

---------------  S U M M A R Y ------------

Command Line: -XX:TieredStopAtLevel=1 com.plantapp.PlantAppApplication

Host: 12th Gen Intel(R) Core(TM) i5-12450H, 12 cores, 31G,  Windows 11 , 64 bit Build 26100 (10.0.26100.8875)
Time: Tue Jul 21 17:41:36 2026 E. Africa Standard Time elapsed time: 0.039360 seconds (0d 0h 0m 0s)

---------------  T H R E A D  ---------------

Current thread (0x000001ab3abc4e40):  JavaThread "Unknown thread" [_thread_in_vm, id=58152, stack(0x000000626df00000,0x000000626e000000)]

Stack: [0x000000626df00000,0x000000626e000000]
Native frames: (J=compiled Java code, j=interpreted, Vv=VM code, C=native code)
V  [jvm.dll+0x684b29]
V  [jvm.dll+0x83a2d5]
V  [jvm.dll+0x83bd4e]
V  [jvm.dll+0x83c3d3]
V  [jvm.dll+0x24905f]
V  [jvm.dll+0x6818e9]
V  [jvm.dll+0x6766ea]
V  [jvm.dll+0x3093b7]
V  [jvm.dll+0x3109a6]
V  [jvm.dll+0x360f1e]
V  [jvm.dll+0x36115d]
V  [jvm.dll+0x2e043c]
V  [jvm.dll+0x2e1348]
V  [jvm.dll+0x80d19b]
V  [jvm.dll+0x36eba1]
V  [jvm.dll+0x7ebd75]
V  [jvm.dll+0x3f47ab]
V  [jvm.dll+0x3f6291]
C  [jli.dll+0x52dc]
C  [ucrtbase.dll+0x2cd30]
C  [KERNEL32.DLL+0x2e957]
C  [ntdll.dll+0xaad6c]


---------------  P R O C E S S  ---------------

Threads class SMR info:
_java_thread_list=0x00007ffe60208f58, length=0, elements={
}

Java Threads: ( => current thread )

Other Threads:
  0x000001ab3abfb890 GCTaskThread "GC Thread#0" [stack: 0x000000626e000000,0x000000626e100000] [id=30584]
  0x000001ab3ac0c4b0 ConcurrentGCThread "G1 Main Marker" [stack: 0x000000626e100000,0x000000626e200000] [id=51180]
  0x000001ab3ac0fbb0 ConcurrentGCThread "G1 Conc#0" [stack: 0x000000626e200000,0x000000626e300000] [id=56428]

[error occurred during error reporting (printing all threads), id 0xc0000005, EXCEPTION_ACCESS_VIOLATION (0xc0000005) at pc=0x00007ffe5f9c0f67]

VM state: not at safepoint (not fully initialized)

VM Mutex/Monitor currently owned by a thread:  ([mutex/lock_event])
[0x000001ab3abc1330] Heap_lock - owner thread: 0x000001ab3abc4e40

Heap address: 0x0000000604800000, size: 8120 MB, Compressed Oops mode: Zero based, Oop shift amount: 3

CDS archive(s) mapped at: [0x0000000000000000-0x0000000000000000-0x0000000000000000), size 0, SharedBaseAddress: 0x0000000800000000, ArchiveRelocationMode: 1.
Narrow klass base: 0x0000000000000000, Narrow klass shift: 0, Narrow klass range: 0x0

GC Precious Log:
<Empty>

Heap:
 garbage-first heap   total 0K, used 0K [0x0000000604800000, 0x0000000800000000)
  region size 4096K, 0 young (0K), 0 survivors (0K)

[error occurred during error reporting (printing heap information), id 0xc0000005, EXCEPTION_ACCESS_VIOLATION (0xc0000005) at pc=0x00007ffe5fdae139]

GC Heap History (0 events):
No events

Dll operation events (1 events):
Event: 0.024 Loaded shared library C:\Program Files\Eclipse Adoptium\jdk-17.0.19.10-hotspot\bin\java.dll

Deoptimization events (0 events):
No events

Classes loaded (0 events):
No events

Classes unloaded (0 events):
No events

Classes redefined (0 events):
No events

Internal exceptions (0 events):
No events

VM Operations (0 events):
No events

Memory protections (0 events):
No events

Nmethod flushes (0 events):
No events

Events (0 events):
No events


Dynamic libraries:
0x00007ff74acd0000 - 0x00007ff74acde000 	C:\Program Files\Eclipse Adoptium\jdk-17.0.19.10-hotspot\bin\java.exe
0x00007fffb2940000 - 0x00007fffb2ba6000 	C:\WINDOWS\SYSTEM32\ntdll.dll
0x00007fffb0830000 - 0x00007fffb08f9000 	C:\WINDOWS\System32\KERNEL32.DLL
0x00007fffafb60000 - 0x00007fffaff5e000 	C:\WINDOWS\System32\KERNELBASE.dll
0x00007fffb0050000 - 0x00007fffb019c000 	C:\WINDOWS\System32\ucrtbase.dll
0x00007fff95320000 - 0x00007fff95338000 	C:\Program Files\Eclipse Adoptium\jdk-17.0.19.10-hotspot\bin\jli.dll
0x00007fff94cb0000 - 0x00007fff94cce000 	C:\Program Files\Eclipse Adoptium\jdk-17.0.19.10-hotspot\bin\VCRUNTIME140.dll
0x00007fffb1d60000 - 0x00007fffb1f27000 	C:\WINDOWS\System32\USER32.dll
0x00007fff85610000 - 0x00007fff858a2000 	C:\WINDOWS\WinSxS\amd64_microsoft.windows.common-controls_6595b64144ccf1df_6.0.26100.8894_none_3e0f749ee32e02ea\COMCTL32.dll
0x00007fffaff70000 - 0x00007fffaff97000 	C:\WINDOWS\System32\win32u.dll
0x00007fffb1ac0000 - 0x00007fffb1b69000 	C:\WINDOWS\System32\msvcrt.dll
0x00007fffb21f0000 - 0x00007fffb221b000 	C:\WINDOWS\System32\GDI32.dll
0x00007fffb01b0000 - 0x00007fffb02da000 	C:\WINDOWS\System32\gdi32full.dll
0x00007fffaffa0000 - 0x00007fffb0043000 	C:\WINDOWS\System32\msvcp_win.dll
0x00007fffb11d0000 - 0x00007fffb1202000 	C:\WINDOWS\System32\IMM32.DLL
0x00007fff61310000 - 0x00007fff61402000 	E:\logiciel\Windhawk\log\Windhawk\Engine\1.7.3\64\windhawk.dll
0x00007fffb10a0000 - 0x00007fffb1157000 	C:\WINDOWS\System32\ADVAPI32.dll
0x00007fffb1cb0000 - 0x00007fffb1d5a000 	C:\WINDOWS\System32\sechost.dll
0x00007fffb1380000 - 0x00007fffb1498000 	C:\WINDOWS\System32\RPCRT4.dll
0x00007fff61a90000 - 0x00007fff61aa8000 	C:\ProgramData\Windhawk\Engine\Mods\64\win11-custom-title-bar-colours_1.0.0_343076.dll
0x00007fffaca10000 - 0x00007fffaca3f000 	C:\WINDOWS\SYSTEM32\dwmapi.dll
0x00007fffb15a0000 - 0x00007fffb1923000 	C:\WINDOWS\System32\combase.dll
0x00007fff61a40000 - 0x00007fff61a6b000 	C:\ProgramData\Windhawk\Engine\Mods\64\explorer-details-better-file-sizes_1.5.1_940298.dll
0x00007fffb2760000 - 0x00007fffb28f9000 	C:\WINDOWS\System32\ole32.dll
0x00007fffb1bd0000 - 0x00007fffb1ca9000 	C:\WINDOWS\System32\OLEAUT32.dll
0x00007fffb0900000 - 0x00007fffb1092000 	C:\WINDOWS\System32\SHELL32.dll
0x00007fffaa020000 - 0x00007fffaa126000 	C:\WINDOWS\SYSTEM32\PROPSYS.dll
0x00007fff61a00000 - 0x00007fff61a3a000 	C:\ProgramData\Windhawk\Engine\Mods\64\libunwind.whl
0x00007fff61850000 - 0x00007fff619f9000 	C:\ProgramData\Windhawk\Engine\Mods\64\libc++.whl
0x00007fff61770000 - 0x00007fff61789000 	C:\ProgramData\Windhawk\Engine\Mods\64\invisible-borders_1.0.0_446307.dll
0x00007fff61750000 - 0x00007fff6176d000 	C:\ProgramData\Windhawk\Engine\Mods\64\modernize-folder-picker-dialog_1.0.0_247482.dll
0x00007fffa4960000 - 0x00007fffa496c000 	C:\Program Files\Eclipse Adoptium\jdk-17.0.19.10-hotspot\bin\vcruntime140_1.dll
0x00007fff45be0000 - 0x00007fff45c6d000 	C:\Program Files\Eclipse Adoptium\jdk-17.0.19.10-hotspot\bin\msvcp140.dll
0x00007ffe5f6d0000 - 0x00007ffe6033c000 	C:\Program Files\Eclipse Adoptium\jdk-17.0.19.10-hotspot\bin\server\jvm.dll
0x00007fffb07a0000 - 0x00007fffb0820000 	C:\WINDOWS\System32\WS2_32.dll
0x00007fffaf390000 - 0x00007fffaf3ee000 	C:\WINDOWS\SYSTEM32\POWRPROF.dll
0x00007fff9fd00000 - 0x00007fff9fd36000 	C:\WINDOWS\SYSTEM32\WINMM.dll
0x00007fffa3fe0000 - 0x00007fffa3feb000 	C:\WINDOWS\SYSTEM32\VERSION.dll
0x00007fffaf370000 - 0x00007fffaf384000 	C:\WINDOWS\SYSTEM32\UMPDC.dll
0x00007fffae800000 - 0x00007fffae81b000 	C:\WINDOWS\SYSTEM32\kernel.appcore.dll
0x00007fff95cb0000 - 0x00007fff95cba000 	C:\Program Files\Eclipse Adoptium\jdk-17.0.19.10-hotspot\bin\jimage.dll
0x00007fffad030000 - 0x00007fffad272000 	C:\WINDOWS\SYSTEM32\DBGHELP.DLL
0x00007fff893a0000 - 0x00007fff893db000 	C:\WINDOWS\SYSTEM32\dbgcore.DLL
0x00007fffb0520000 - 0x00007fffb05cc000 	C:\WINDOWS\System32\bcryptPrimitives.dll
0x00007fff94c80000 - 0x00007fff94ca5000 	C:\Program Files\Eclipse Adoptium\jdk-17.0.19.10-hotspot\bin\java.dll

dbghelp: loaded successfully - version: 4.0.5 - missing functions: none
symbol engine: initialized successfully - sym options: 0x614 - pdb path: .;C:\Program Files\Eclipse Adoptium\jdk-17.0.19.10-hotspot\bin;C:\WINDOWS\SYSTEM32;C:\WINDOWS\WinSxS\amd64_microsoft.windows.common-controls_6595b64144ccf1df_6.0.26100.8894_none_3e0f749ee32e02ea;E:\logiciel\Windhawk\log\Windhawk\Engine\1.7.3\64;C:\ProgramData\Windhawk\Engine\Mods\64;C:\Program Files\Eclipse Adoptium\jdk-17.0.19.10-hotspot\bin\server

VM Arguments:
jvm_args: -XX:TieredStopAtLevel=1 
java_command: com.plantapp.PlantAppApplication
java_class_path (initial): E:\Projet\TechWebM\App\LeafSense\Backend\target\classes;C:\Users\maher\.m2\repository\org\springframework\boot\spring-boot\3.3.2\spring-boot-3.3.2.jar;C:\Users\maher\.m2\repository\org\springframework\boot\spring-boot-autoconfigure\3.3.2\spring-boot-autoconfigure-3.3.2.jar;C:\Users\maher\.m2\repository\ch\qos\logback\logback-classic\1.5.6\logback-classic-1.5.6.jar;C:\Users\maher\.m2\repository\ch\qos\logback\logback-core\1.5.6\logback-core-1.5.6.jar;C:\Users\maher\.m2\repository\org\apache\logging\log4j\log4j-to-slf4j\2.23.1\log4j-to-slf4j-2.23.1.jar;C:\Users\maher\.m2\repository\org\apache\logging\log4j\log4j-api\2.23.1\log4j-api-2.23.1.jar;C:\Users\maher\.m2\repository\org\slf4j\jul-to-slf4j\2.0.13\jul-to-slf4j-2.0.13.jar;C:\Users\maher\.m2\repository\jakarta\annotation\jakarta.annotation-api\2.1.1\jakarta.annotation-api-2.1.1.jar;C:\Users\maher\.m2\repository\org\yaml\snakeyaml\2.2\snakeyaml-2.2.jar;C:\Users\maher\.m2\repository\com\fasterxml\jackson\datatype\jackson-datatype-jdk8\2.17.2\jackson-datatype-jdk8-2.17.2.jar;C:\Users\maher\.m2\repository\com\fasterxml\jackson\datatype\jackson-datatype-jsr310\2.17.2\jackson-datatype-jsr310-2.17.2.jar;C:\Users\maher\.m2\repository\com\fasterxml\jackson\module\jackson-module-parameter-names\2.17.2\jackson-module-parameter-names-2.17.2.jar;C:\Users\maher\.m2\repository\org\apache\tomcat\embed\tomcat-embed-core\10.1.26\tomcat-embed-core-10.1.26.jar;C:\Users\maher\.m2\repository\org\apache\tomcat\embed\tomcat-embed-websocket\10.1.26\tomcat-embed-websocket-10.1.26.jar;C:\Users\maher\.m2\repository\org\springframework\spring-web\6.1.11\spring-web-6.1.11.jar;C:\Users\maher\.m2\repository\org\springframework\spring-beans\6.1.11\spring-beans-6.1.11.jar;C:\Users\maher\.m2\repository\io\micrometer\micrometer-observation\1.13.2\micrometer-observation-1.13.2.jar;C:\Users\maher\.m2\repository\io\micrometer\micrometer-commons\1.13.2\micrometer-commons-1.13.2.jar;C:\Users\maher\.m2\repository\org\springfram
Launcher Type: SUN_STANDARD

[Global flags]
     intx CICompilerCount                          = 4                                         {product} {ergonomic}
     uint ConcGCThreads                            = 3                                         {product} {ergonomic}
     uint G1ConcRefinementThreads                  = 10                                        {product} {ergonomic}
   size_t G1HeapRegionSize                         = 4194304                                   {product} {ergonomic}
    uintx GCDrainStackTargetSize                   = 64                                        {product} {ergonomic}
   size_t InitialHeapSize                          = 532676608                                 {product} {ergonomic}
   size_t MarkStackSize                            = 4194304                                   {product} {ergonomic}
   size_t MaxHeapSize                              = 8514437120                                {product} {ergonomic}
   size_t MinHeapDeltaBytes                        = 4194304                                   {product} {ergonomic}
   size_t MinHeapSize                              = 8388608                                   {product} {ergonomic}
    uintx NonProfiledCodeHeapSize                  = 0                                      {pd product} {ergonomic}
     bool ProfileInterpreter                       = false                                  {pd product} {command line}
    uintx ProfiledCodeHeapSize                     = 0                                      {pd product} {ergonomic}
   size_t SoftMaxHeapSize                          = 8514437120                             {manageable} {ergonomic}
     intx TieredStopAtLevel                        = 1                                         {product} {command line}
     bool UseCompressedClassPointers               = true                           {product lp64_product} {ergonomic}
     bool UseCompressedOops                        = true                           {product lp64_product} {ergonomic}
     bool UseG1GC                                  = true                                      {product} {ergonomic}
     bool UseLargePagesIndividualAllocation        = false                                  {pd product} {ergonomic}

Logging:
Log output configuration:
 #0: stdout all=warning uptime,level,tags
 #1: stderr all=off uptime,level,tags

Environment Variables:
JAVA_HOME=C:/Program Files/Eclipse Adoptium/jdk-17.0.19.10-hotspot
PATH=C:\nodejs;C:\Users\maher\bin;D:\Git\mingw64\bin;D:\Git\usr\local\bin;D:\Git\usr\bin;D:\Git\usr\bin;D:\Git\mingw64\bin;D:\Git\usr\bin;C:\Users\maher\bin;C:\Program Files\Eclipse Adoptium\jdk-17.0.19.10-hotspot\bin;C:\app\maher\product\26ai\dbhomeFree\bin;C:\Program Files\Eclipse Adoptium\jdk-17.0.19.10-hotspot\bin;C:\Program Files\Common Files\Oracle\Java\javapath;C:\Program Files (x86)\Embarcadero\Studio\23.0\bin;C:\Users\Public\Documents\Embarcadero\Studio\23.0\Bpl;C:\Program Files (x86)\Embarcadero\Studio\23.0\bin64;C:\Users\Public\Documents\Embarcadero\Studio\23.0\Bpl\Win64;C:\Windows\system32;C:\Windows;C:\Windows\System32\Wbem;C:\Windows\System32\WindowsPowerShell\v1.0;C:\Windows\System32\OpenSSH;C:\Program Files (x86)\NVIDIA Corporation\PhysX\Common;C:\Program Files\dotnet;D:\Projet\FinL1\Web\SQLite;C:\composer;C:\Program Files\PostgreSQL\16\bin;C:\WINDOWS\system32;C:\WINDOWS;C:\WINDOWS\System32\Wbem;C:\WINDOWS\System32\WindowsPowerShell\v1.0;C:\WINDOWS\System32\OpenSSH;D:\Git\cmd;C:\Program Files\Microsoft SQL Server\150\Tools\Binn;C:\Program Files\Tailscale;E:\logiciel\Putty\log;E:\logiciel\Cursor\log\cursor\resources\app\bin;E:\logiciel\Memurai\log;C:\Program Files\NVIDIA Corporation\NVIDIA App\NvDLISR;C:\Program Files\Docker\Docker\resources\bin;C:\Program Files\PowerShell\7;C:\nvm;C:\nodejs;C:\Program Files\Process Lasso;C:\Users\maher\AppData\Local\Android\Sdk\platform-tools;C:\Users\maher\AppData\Local\Android\Sdk\emulator;C:\Users\maher\AppData\Local\Android\Sdk\tools;C:\Users\maher\AppData\Local\Android\Sdk\tools\bin;C:\Users\maher\.local\bin;D:\VSCode\Microsoft VS Code\bin;C:\Users\maher\AppData\Local\Programs\Python\Python311\Scripts;C:\Users\maher\AppData\Local\Programs\Python\Python311;C:\Users\maher\.cargo\bin;D:\Xampp\php;C:\Users\maher\AppData\Local\Programs\Python\Python313\Scripts;C:\Users\maher\AppData\Local\Programs\Python\Python313;C:\Users\maher\AppData\Local\Programs\Python\Launcher;C:\msys64\ucrt64\bin;C:\Users\maher\AppData\Local\Muse Hub\lib;C:\Users\maher\AppData\Roaming\Composer\vendor\bin;C:\Users\maher\AppData\Local\Microsoft\WindowsApps;C:\Users\maher\AppData\Roaming\npm;C:\Users\maher\AppData\Local\Programs\cursor\resources\app\bin;C:\Users\maher\.local\bin;C:\nvm;C:\nodejs;C:\Users\maher\AppData\Local\Programs\Antigravity\bin;C:\Users\maher\AppData\Local\Kingsoft\WPS Office\12.1.0.27458\clitool;D:\Git\usr\bin\vendor_perl;D:\Git\usr\bin\core_perl
USERNAME=maher
SHELL=D:\Git\usr\bin\bash.exe
DISPLAY=needs-to-be-defined
LC_CTYPE=en_US.UTF-8
TERM=xterm
TMPDIR=C:\Users\maher\AppData\Local\Temp
OS=Windows_NT
PROCESSOR_IDENTIFIER=Intel64 Family 6 Model 154 Stepping 3, GenuineIntel
TMP=C:\Users\maher\AppData\Local\Temp
TEMP=C:\Users\maher\AppData\Local\Temp



Periodic native trim disabled


---------------  S Y S T E M  ---------------

OS:
 Windows 11 , 64 bit Build 26100 (10.0.26100.8875)
OS uptime: 0 days 7:13 hours
Hyper-V role detected

CPU: total 12 (initial active 12) (6 cores per cpu, 2 threads per core) family 6 model 154 stepping 3 microcode 0x424, cx8, cmov, fxsr, ht, mmx, 3dnowpref, sse, sse2, sse3, ssse3, sse4.1, sse4.2, popcnt, lzcnt, tsc, tscinvbit, avx, avx2, aes, erms, clmul, bmi1, bmi2, adx, sha, fma, vzeroupper, clflush, clflushopt, clwb, hv
Processor Information for processor 0
  Max Mhz: 2000, Current Mhz: 2000, Mhz Limit: 2000
Processor Information for processor 1
  Max Mhz: 2000, Current Mhz: 2000, Mhz Limit: 2000
Processor Information for processor 2
  Max Mhz: 2000, Current Mhz: 1520, Mhz Limit: 2000
Processor Information for processor 3
  Max Mhz: 2000, Current Mhz: 2000, Mhz Limit: 2000
Processor Information for processor 4
  Max Mhz: 2000, Current Mhz: 2000, Mhz Limit: 2000
Processor Information for processor 5
  Max Mhz: 2000, Current Mhz: 2000, Mhz Limit: 2000
Processor Information for processor 6
  Max Mhz: 2000, Current Mhz: 2000, Mhz Limit: 2000
Processor Information for processor 7
  Max Mhz: 2000, Current Mhz: 2000, Mhz Limit: 2000
Processor Information for processor 8
  Max Mhz: 2000, Current Mhz: 1600, Mhz Limit: 2000
Processor Information for processor 9
  Max Mhz: 2000, Current Mhz: 1466, Mhz Limit: 2000
Processor Information for processor 10
  Max Mhz: 2000, Current Mhz: 1466, Mhz Limit: 2000
Processor Information for processor 11
  Max Mhz: 2000, Current Mhz: 1466, Mhz Limit: 2000

Memory: 4k page, system-wide physical 32469M (8483M free)
TotalPageFile size 40609M (AvailPageFile size 251M)
current process WorkingSet (physical memory assigned to process): 17M, peak: 17M
current process commit charge ("private bytes"): 61M, peak: 569M

vm_info: OpenJDK 64-Bit Server VM (17.0.19+10) for windows-amd64 JRE (17.0.19+10), built on Apr 25 2026 08:04:44 by "admin" with MS VC++ 17.12 (VS2022)

END.
